Traceback (most recent call last):
  File "<frozen runpy>", line 203, in _run_module_as_main
  File "<frozen runpy>", line 88, in _run_code
  File "/opt/homebrew/Cellar/python@3.14/3.14.5/Frameworks/Python.framework/Versions/3.14/lib/python3.14/http/server.py", line 1432, in <module>
    test(
    ~~~~^
        HandlerClass=handler_class::1 - - [29/Aug/2026 21:39:13] "HEAD /web/protocol-harness.html HTTP/1.1" 200 -
::1 - - [29/Aug/2026 21:39:15] "GET /web/protocol-harness.html?task3=1 HTTP/1.1" 200 -
::1 - - [29/Aug/2026 21:39:15] "GET /web/airbridge-evidence.js HTTP/1.1" 304 -
::1 - - [29/Aug/2026 21:39:45] code 404, message File not found
::1 - - [29/Aug/2026 21:39:45] "GET /bootstrap.js HTTP/1.1" 404 -
::1 - - [29/Aug/2026 21:39:45] code 404, message File not found
::1 - - [29/Aug/2026 21:39:45] "GET /bootstrap.js HTTP/1.1" 404 -
~~~~~~~~~~~~~~~~^^
  File "/opt/homebrew/Cellar/python@3.14/3.14.5/Frameworks/Python.framework/Versions/3.14/lib/python3.14/http/server.py", line 1419, in server_bind
    return super().server_bind()
           ~~~~~~~~~~~~~~~~~~~^^
  File "/opt/homebrew/Cellar/python@3.14/3.14.5/Frameworks/Python.framework/Versions/3.14/lib/python3.14/http/server.py", line 148, in server_bind
    socketserver.TCPServer.server_bind(self)
    ~~~~~~~~~~~~~~~~~~~~~~~~~~~~~~~~~~^^^^^^
  File "/opt/homebrew/Cellar/python@3.14/3.14.5/Frameworks/Python.framework/Versions/3.14/lib/python3.14/socketserver.py", line 478, in server_bind
    self.socket.bind(self.server_address)
    ~~~~~~~~~~~~~~~~^^^^^^^^^^^^^^^^^^^^^
OSError: [Errno 48] Address already in use
