::1 - - [29/Aug/2026 22:44:57] "GET /web/protocol-harness.html HTTP/1.1" 200 -
::1 - - [29/Aug/2026 22:45:02] "GET /web/protocol-harness.html?task6=20260829 HTTP/1.1" 200 -
::1 - - [29/Aug/2026 22:45:02] "GET /web/airbridge-protocol.js HTTP/1.1" 200 -
::1 - - [29/Aug/2026 22:45:02] "GET /web/airbridge-evidence.js HTTP/1.1" 304 -
::1 - - [29/Aug/2026 22:45:40] "GET /web/protocol-harness.html?task6=20260829b HTTP/1.1" 200 -
::1 - - [29/Aug/2026 22:45:40] "GET /web/airbridge-protocol.js HTTP/1.1" 304 -
::1 - - [29/Aug/2026 22:46:03] "GET /web/bootstrap.js?cache=1788036363310 HTTP/1.1" 200 -
::1 - - [29/Aug/2026 22:46:06] "GET /web/bootstrap.js?cache=1788036366313 HTTP/1.1" 200 -
::1 - - [29/Aug/2026 22:46:09] "GET /web/bootstrap.js?cache=1788036369311 HTTP/1.1" 200 -
::1 - - [29/Aug/2026 22:46:12] "GET /web/bootstrap.js?cache=1788036372310 HTTP/1.1" 200 -
::1 - - [29/Aug/2026 22:47:22] "GET /web/protocol-harness.html?task6=20260829c HTTP/1.1" 200 -
::1 - - [29/Aug/2026 22:47:22] "GET /web/airbridge-protocol.js HTTP/1.1" 200 -
::1 - - [29/Aug/2026 22:47:44] "GET /web/bootstrap.js?cache=1788036464308 HTTP/1.1" 200 -
::1 - - [29/Aug/2026 22:47:47] "GET /web/bootstrap.js?cache=1788036467311 HTTP/1.1" 200 -
::1 - - [29/Aug/2026 22:47:50] "GET /web/bootstrap.js?cache=1788036470311 HTTP/1.1" 200 -
::1 - - [29/Aug/2026 22:47:53] "GET /web/bootstrap.js?cache=1788036473309 HTTP/1.1" 200 -
::1 - - [29/Aug/2026 22:48:37] "HEAD /web/protocol-harness.html HTTP/1.1" 200 -
::1 - - [29/Aug/2026 22:48:37] "GET /web/protocol-harness.html HTTP/1.1" 200 -
::1 - - [29/Aug/2026 22:48:37] "GET /web/protocol-harness.html HTTP/1.1" 200 -
::1 - - [29/Aug/2026 22:48:43] "GET /web/protocol-harness.html?task6=20260829 HTTP/1.1" 200 -
::1 - - [29/Aug/2026 22:48:43] "GET /web/airbridge-protocol.js HTTP/1.1" 304 -
::1 - - [29/Aug/2026 22:49:06] "GET /web/bootstrap.js?cache=1788036546310 HTTP/1.1" 200 -
::1 - - [29/Aug/2026 22:49:09] "GET /web/bootstrap.js?cache=1788036549313 HTTP/1.1" 200 -
::1 - - [29/Aug/2026 22:49:12] "GET /web/bootstrap.js?cache=1788036552313 HTTP/1.1" 200 -
::1 - - [29/Aug/2026 22:49:15] "GET /web/bootstrap.js?cache=1788036555312 HTTP/1.1" 200 -
::1 - - [31/Aug/2026 10:38:45] "GET /web/protocol-harness.html HTTP/1.1" 200 -
::1 - - [31/Aug/2026 10:40:02] "GET /web/protocol-harness.html HTTP/1.1" 200 -
::1 - - [31/Aug/2026 10:40:02] "GET /web/airbridge-evidence.js HTTP/1.1" 304 -
::1 - - [31/Aug/2026 10:40:02] "GET /web/airbridge-identity.js HTTP/1.1" 304 -
::1 - - [31/Aug/2026 10:40:02] "GET /web/airbridge-protocol.js HTTP/1.1" 304 -
::1 - - [31/Aug/2026 10:40:36] "GET /web/bootstrap.js?cache=1788165636845 HTTP/1.1" 200 -
::1 - - [31/Aug/2026 10:40:37] "GET /web/bootstrap.js?cache=1788165637066 HTTP/1.1" 200 -
::1 - - [31/Aug/2026 10:40:37] "GET /web/bootstrap.js?cache=1788165637230 HTTP/1.1" 200 -
::1 - - [31/Aug/2026 10:40:37] "GET /web/bootstrap.js?cache=1788165637544 HTTP/1.1" 200 -
::1 - - [31/Aug/2026 10:41:26] "GET /web/chat-usb.html HTTP/1.1" 200 -
::1 - - [31/Aug/2026 10:41:26] "GET /web/airbridge-ui.css HTTP/1.1" 200 -
::1 - - [31/Aug/2026 10:41:26] "GET /web/airbridge-transports.js HTTP/1.1" 304 -
::1 - - [31/Aug/2026 10:41:26] "GET /web/airbridge-ui.js HTTP/1.1" 304 -
::1 - - [31/Aug/2026 10:41:57] "GET /web/chat-ble.html HTTP/1.1" 200 -
::1 - - [31/Aug/2026 10:41:57] "GET /web/airbridge-ui.css HTTP/1.1" 304 -
::1 - - [31/Aug/2026 10:45:44] "GET /web/protocol-harness.html HTTP/1.1" 200 -
::1 - - [31/Aug/2026 10:46:36] "GET /web/bootstrap.js?cache=1788165996171 HTTP/1.1" 200 -
::1 - - [31/Aug/2026 10:46:36] "GET /web/bootstrap.js?cache=1788165996389 HTTP/1.1" 200 -
::1 - - [31/Aug/2026 10:46:36] "GET /web/bootstrap.js?cache=1788165996556 HTTP/1.1" 200 -
::1 - - [31/Aug/2026 10:46:36] "GET /web/bootstrap.js?cache=1788165996873 HTTP/1.1" 200 -
::1 - - [31/Aug/2026 10:48:02] "GET /web/chat-usb.html HTTP/1.1" 304 -
::1 - - [31/Aug/2026 10:48:02] "GET /web/airbridge-ui.css HTTP/1.1" 304 -
