patching file 'applications/services/bt/bt_service/bt.c'
patching file 'applications/services/bt/bt_service/bt.h'
patching file 'applications/services/bt/bt_service/bt_api.c'
patching file 'applications/services/bt/bt_service/bt_i.h'
patching file 'applications/services/gui/gui.c'
patching file 'applications/services/input/input.c'
patching file 'lib/ble_profile/SConscript'
patching file 'lib/ble_profile/extra_profiles/airbridge_identity_params.h'
patching file 'lib/ble_profile/extra_profiles/airbridge_profile.c'
patching file 'lib/ble_profile/extra_profiles/airbridge_profile.h'
patching file 'lib/ble_profile/extra_services/hid_service.c'
patching file 'targets/f7/ble_glue/app_conf.h'
patching file 'targets/f7/ble_glue/furi_ble/gatt.c'
patching file 'targets/f7/ble_glue/furi_ble/gatt.h'
patching file 'targets/f7/ble_glue/gap.c'
patching file 'targets/f7/ble_glue/gap.h'
patching file 'targets/f7/ble_glue/gap_int.h'
patching file 'targets/f7/ble_glue/services/airbridge_dev_info_service.c'
patching file 'targets/f7/ble_glue/services/airbridge_dev_info_service.h'
patching file 'targets/f7/ble_glue/services/airbridge_serial_service.c'
patching file 'targets/f7/ble_glue/services/airbridge_serial_service.h'
patching file 'targets/f7/ble_glue/services/airbridge_serial_uuid.h'
patching file 'targets/f7/ble_glue/services/battery_service.c'
patching file 'targets/f7/furi_hal/furi_hal_bt.c'
patching file 'targets/f7/furi_hal/furi_hal_usb_airbridge.c'
patching file 'targets/f7/target.json'
patching file 'targets/furi_hal_include/furi_hal_bt.h'
patching file 'targets/furi_hal_include/furi_hal_usb.h'
patching file 'targets/furi_hal_include/furi_hal_usb_airbridge.h'
patching file 'targets/f7/api_symbols.csv'
PATCH_DRY_RUN=PASS
